
> skills@0.1.0 build
> next build

Γû▓ Next.js 16.2.1 (Turbopack)

  Creating an optimized production build ...
Γ£ô Compiled successfully in 23.1s
  Running TypeScript ...
node.exe : Failed to type check.
At C:\Users\thris\AppData\Roaming\npm\n
pm.ps1:24 char:5
+     & "node$exe"  "$basedir/node_modu
les/npm/bin/npm-cli.js" $args
+     ~~~~~~~~~~~~~~~~~~~~~~~~~~~~~~~~~
~~~~~~~~~~~~~~~~~~~~~~~~~~~~~
    + CategoryInfo          : NotSpeci 
   fied: (Failed to type check.:Strin  
  g) [], RemoteException
    + FullyQualifiedErrorId : NativeCo 
   mmandError
 

./src/data/roadmaps/backend.ts:39:34
Type error: Object literal may only 
specify known properties, and 'url' 
does not exist in type 'Resource'.

  [90m37 |[0m       project: 
[32m"Build a CLI-based Task Manager 
using pure JavaScript/Node."[0m,
  [90m38 |[0m       resources: [
[31m[1m>[0m [90m39 |[0m         { 
label: [32m"MDN JS Guide"[0m, url: [
32m"https://developer.mozilla.org/en-US
/docs/Web/JavaSc...[0m
  [90m   |[0m                        
          [31m[1m^[0m
  [90m40 |[0m         { label: 
[32m"Eloquent JavaScript"[0m, url: [
32m"https://eloquentjavascript.net/"[0
m }
  [90m41 |[0m       ]
  [90m42 |[0m     },
Next.js build worker exited with code: 
1 and signal: null
